[legittechreviews.com/easywaxoff/review/index.html]
[backblue.gif]
[fade.gif]
[index.html]
[legittechreviews.com/easywaxoff/review/index-2.html]
[legittechreviews.com/easywaxoff/review/wp-content/uploads/2020/07/easywaxoff.jpg]
[legittechreviews.com/easywaxoff/review/wp-includes/js/jquery/jquery4a5f4a5f.js]
[legittechreviews.com/easywaxoff/review/wp-includes/js/jquery/jquery-migrate.min330a330a.js]
[legittechreviews.com/easywaxoff/review/wp-content/plugins/pixelyoursite/dist/scripts/jquery.bind-first-0.2.3.min76617661.js]
[legittechreviews.com/easywaxoff/review/wp-content/plugins/pixelyoursite/dist/scripts/js.cookie-2.1.3.min4c714c71.js]
[legittechreviews.com/easywaxoff/review/wp-content/plugins/pixelyoursite/dist/scripts/public22a122a1.js]
[legittechreviews.com/easywaxoff/review/wp-json/index.html]
[legittechreviews.com/easywaxoff/review/wp-includes/wlwmanifest.xml]
[legittechreviews.com/easywaxoff/review/wp-json/oembed/1.0/embedeeb3eeb3.json]
[legittechreviews.com/easywaxoff/review/wp-content/uploads/2020/07/cropped-Στιγμιότυπο-οθόνης-188-2-32x32.png]
[legittechreviews.com/easywaxoff/review/wp-content/uploads/2020/07/cropped-Στιγμιότυπο-οθόνης-188-2-192x192.png]
[legittechreviews.com/easywaxoff/review/wp-content/uploads/2020/07/cropped-Στιγμιότυπο-οθόνης-188-2-180x180.png]
[legittechreviews.com/easywaxoff/review/wp-content/uploads/2020/07/star.png]
[legittechreviews.com/easywaxoff/review/wp-content/uploads/elementor/thumbs/Στιγμιότυπο-οθόνης-185-osicpf8oyh5yhu93c74hmz5l5xdz1zucih9qts2pl0.png]
[legittechreviews.com/easywaxoff/review/wp-content/uploads/2020/07/easewaxoff2.jpg]
[legittechreviews.com/easywaxoff/review/wp-content/uploads/2020/07/QGrip1.jpg]
[legittechreviews.com/easywaxoff/review/wp-content/uploads/2020/07/QGrip2.jpg]
[legittechreviews.com/easywaxoff/review/wp-content/uploads/2020/07/circle-cropped-5-1024x1024.png]
[legittechreviews.com/easywaxoff/review/wp-content/uploads/2020/07/cleanr.jpg]
[legittechreviews.com/easywaxoff/review/terms-of-business/index.html]
[legittechreviews.com/easywaxoff/review/privacy-policy/index.html]
[legittechreviews.com/easywaxoff/review/contact/index.html]
[legittechreviews.com/easywaxoff/review/wp-includes/js/wp-embed.min76617661.js]
[legittechreviews.com/easywaxoff/review/wp-content/themes/your-clean-template-3/js/bootstrap.min76617661.js]
[legittechreviews.com/easywaxoff/review/wp-content/themes/your-clean-template-3/js/main76617661.js]
[legittechreviews.com/easywaxoff/review/wp-content/plugins/elementor/assets/js/frontend-modules.mincaa5caa5.js]
[legittechreviews.com/easywaxoff/review/wp-content/plugins/elementor-pro/assets/lib/sticky/jquery.sticky.min0ad80ad8.js]
[legittechreviews.com/easywaxoff/review/wp-content/plugins/elementor-pro/assets/js/frontend.min0ad80ad8.js]
[legittechreviews.com/easywaxoff/review/wp-includes/js/jquery/ui/position.mine899e899.js]
[legittechreviews.com/easywaxoff/review/wp-content/plugins/elementor/assets/lib/dialog/dialog.minae9eae9e.js]
[legittechreviews.com/easywaxoff/review/wp-content/plugins/elementor/assets/lib/waypoints/waypoints.min05da05da.js]
[legittechreviews.com/easywaxoff/review/wp-content/plugins/elementor/assets/lib/swiper/swiper.min48f548f5.js]
[legittechreviews.com/easywaxoff/review/wp-content/plugins/elementor/assets/lib/share-link/share-link.mincaa5caa5.js]
[legittechreviews.com/easywaxoff/review/wp-content/plugins/elementor/assets/js/frontend.mincaa5caa5.js]
[legittechreviews.com/easywaxoff/review/index.html]
[legittechreviews.com/easywaxoff/review/index-2.html]
[legittechreviews.com/easywaxoff/review/wp-content/plugins/elementor/assets/lib/eicons/fonts/eiconsf884f884.eot]
[legittechreviews.com/easywaxoff/review/wp-content/plugins/elementor/assets/lib/eicons/fonts/eiconsf884f884.woff2]
[legittechreviews.com/easywaxoff/review/wp-content/plugins/elementor/assets/lib/eicons/fonts/eiconsf884f884.woff]
[legittechreviews.com/easywaxoff/review/wp-content/plugins/elementor/assets/lib/eicons/fonts/eiconsf884f884.ttf]
[legittechreviews.com/easywaxoff/review/wp-content/plugins/elementor/assets/lib/eicons/css/elementor-icons.min87e887e8.css]
[legittechreviews.com/easywaxoff/review/wp-content/plugins/elementor/assets/lib/animations/animations.mincaa5caa5.css]
[legittechreviews.com/easywaxoff/review/wp-content/plugins/elementor/assets/css/frontend.mincaa5caa5.css]
[legittechreviews.com/easywaxoff/review/wp-content/plugins/elementor-pro/assets/css/frontend.min0ad80ad8.css]
[legittechreviews.com/easywaxoff/review/wp-content/uploads/elementor/css/global76de76de.css]
[legittechreviews.com/easywaxoff/review/wp-content/uploads/elementor/css/post-30f230f230.css]
[legittechreviews.com/easywaxoff/review/wp-content/plugins/elementor/assets/lib/font-awesome/css/fontawesome.minb683b683.css]
[legittechreviews.com/easywaxoff/review/wp-content/plugins/elementor/assets/lib/font-awesome/webfonts/fa-brands-400.eot]
[legittechreviews.com/easywaxoff/review/wp-content/plugins/elementor/assets/lib/font-awesome/webfonts/fa-brands-400d41dd41d.eot]
[legittechreviews.com/easywaxoff/review/wp-content/plugins/elementor/assets/lib/font-awesome/webfonts/fa-brands-400.woff2]
[legittechreviews.com/easywaxoff/review/wp-content/plugins/elementor/assets/lib/font-awesome/webfonts/fa-brands-400.woff]
[legittechreviews.com/easywaxoff/review/wp-content/plugins/elementor/assets/lib/font-awesome/webfonts/fa-brands-400.ttf]
[legittechreviews.com/easywaxoff/review/wp-content/plugins/elementor/assets/lib/font-awesome/css/brands.minb683b683.css]
[legittechreviews.com/easywaxoff/review/wp-content/plugins/elementor/assets/lib/font-awesome/webfonts/fa-solid-900.eot]
[legittechreviews.com/easywaxoff/review/wp-content/plugins/elementor/assets/lib/font-awesome/webfonts/fa-solid-900d41dd41d.eot]
[legittechreviews.com/easywaxoff/review/wp-content/plugins/elementor/assets/lib/font-awesome/webfonts/fa-solid-900.woff2]
[legittechreviews.com/easywaxoff/review/wp-content/plugins/elementor/assets/lib/font-awesome/webfonts/fa-solid-900.woff]
[legittechreviews.com/easywaxoff/review/wp-content/plugins/elementor/assets/lib/font-awesome/webfonts/fa-solid-900.ttf]
[legittechreviews.com/easywaxoff/review/wp-content/plugins/elementor/assets/lib/font-awesome/css/solid.minb683b683.css]
[legittechreviews.com/easywaxoff/review/wp-content/themes/your-clean-template-3/fonts/glyphicons-halflings-regular.eot]
[legittechreviews.com/easywaxoff/review/wp-content/themes/your-clean-template-3/fonts/glyphicons-halflings-regulard41dd41d.eot]
[legittechreviews.com/easywaxoff/review/wp-content/themes/your-clean-template-3/fonts/glyphicons-halflings-regular.woff2]
[legittechreviews.com/easywaxoff/review/wp-content/themes/your-clean-template-3/fonts/glyphicons-halflings-regular.woff]
[legittechreviews.com/easywaxoff/review/wp-content/themes/your-clean-template-3/fonts/glyphicons-halflings-regular.ttf]
[legittechreviews.com/easywaxoff/review/wp-content/themes/your-clean-template-3/css/bootstrap.min76617661.css]
[legittechreviews.com/easywaxoff/review/wp-content/themes/your-clean-template-3/style76617661.css]
[legittechreviews.com/easywaxoff/review/wp-json/index.html]
[legittechreviews.com/easywaxoff/review/wp-json/oembed/1.0/embed2e632e63.html]
[legittechreviews.com/easywaxoff/www.google-analytics.com/analytics.html]
[legittechreviews.com/easywaxoff/review/terms-of-business/index.html]
[legittechreviews.com/easywaxoff/review/privacy-policy/index.html]
[legittechreviews.com/easywaxoff/review/contact/index.html]
[legittechreviews.com/easywaxoff/review/wp-content/plugins/elementor/assets/lib/eicons/fonts/eiconsf884f884.svg]
[legittechreviews.com/easywaxoff/review/wp-content/plugins/elementor/assets/lib/font-awesome/webfonts/fa-brands-400.svg]
[legittechreviews.com/easywaxoff/review/wp-content/plugins/elementor/assets/lib/font-awesome/webfonts/fa-solid-900.svg]
[legittechreviews.com/easywaxoff/review/wp-content/themes/your-clean-template-3/fonts/glyphicons-halflings-regular.svg]
[legittechreviews.com/easywaxoff/review/xmlrpc0db00db0.html]
